// Jest Snapshot v1, https://goo.gl/fbAQLP

exports[`AccordionContent should render correctly 1`] = `
<div
  aria-labelledby="button-01"
  className="accordionContent isOpen"
  id="panel-01"
  role="region"
>
  <div>
    this is the content
  </div>
</div>
`;
